src/app/legal/terms/page.tsx(1,1): error TS1435: Unknown keyword or identifier. Did you mean 'override'?
src/components/ui/CookieConsent.tsx(73,1): error TS1128: Declaration or statement expected.
